Modules list:
-------------
hellomario.o:
    HEADER            Offs=000000  Size=000010  Align=00001  Fill=0000
    VECTORS           Offs=000000  Size=000006  Align=00001  Fill=0000
    STARTUP           Offs=000000  Size=0000BB  Align=00001  Fill=0000
    CHARS             Offs=000000  Size=002000  Align=00001  Fill=0000


Segment list:
-------------
Name                   Start     End    Size  Align
----------------------------------------------------
CHARS                 000000  001FFF  002000  00001
HEADER                000000  00000F  000010  00001
STARTUP               008000  0080BA  0000BB  00001
VECTORS               00FFFA  00FFFF  000006  00001


Exports list by name:
---------------------
__STACKSIZE__             000300 REA    


Exports list by value:
----------------------
__STACKSIZE__             000300 REA    


Imports list:
-------------
__STACKSIZE__ ([linker generated]):
    [linker generated]        /opt/homebrew/Cellar/cc65/2.19/share/cc65/cfg/nes.cfg(27)

